<?xml version="1.0" ?><rss version="2.0" xmlns:dc="http://purl.org/dc/elements/1.1/" xmlns:media="http://search.yahoo.com/mrss/"><channel><title>/r/Pics</title><link>http://www.reddit.com/r/pics/</link><description>###[**Submit your Halloween pumpkin pics to /r/horror's carving competition!**](http://www.reddit.com/r/horror/comments/10ooo8/rhorrors_first_annual_halloween_carving_contest/) ### A place to share interesting photographs and pictures. Feel free to post your own, but please **read the rules first** (see below), and note that we are *not a catch-all* for general images (of screenshots, comics, etc.) #Spoiler code# Please mark spoilers like this: `[text here](/spoiler)` Hover over to [read](/spoiler). #Rules# 1. **No screenshots, or pictures with added or superimposed text.** *This includes [image macros](http://en.wikipedia.org/wiki/Image_macro), comics, info-graphics and most diagrams. Text (e.g. a URL) serving to credit the original author is exempt.* 1. **No gore or porn.** *NSFW content must be tagged.* 1. **No personal information.** *This includes anything hosted on Facebook's servers, as they can be traced to the original account holder. Stalking &amp; harassment will not be tolerated.* 1. **No solicitation of votes (including &quot;cake day&quot; posts), posts with their sole purpose being to communicate with another redditor, or [FIXED] posts.** *DAE posts go in /r/DoesAnybodyElse. &quot;Fixed&quot; posts should be added as a comment to the original image.* 1. **Submissions must link directly to a specific image file or to an image hosting website with minimal ads.** *We do not allow blog hosting of images (&quot;blogspam&quot;), but links to albums on image hosting websites are okay. URL shorteners are prohibited.* * If your submission appears to be filtered but **definitely** meets the above rules, [please send us a message](/message/compose?to=%23pics) with a link to the **comments section** of your post (not a direct link to the image). **Don't delete it** as that just makes the filter hate you! * If you come across any rule violations, please report the submission or [message the mods](http://www.reddit.com/message/compose?to=%23pics) and one of us will remove it! Please also try to come up with **original post titles**. Submissions that use certain clich√©s/memes will be automatically tagged with a warning. #Links# If your post doesn't meet the above rules, consider submitting it on one of these other subreddits: Comics | &amp;#0160; :---|:--- /r/comics | /r/webcomics /r/vertical | [/r/f7u12](/r/fffffffuuuuuuuuuuuu/) /r/ragenovels | /r/AdviceAtheists **Image macros**|**Screenshots/text** /r/lolcats | /r/screenshots /r/AdviceAnimals | /r/desktops /r/Demotivational | /r/facepalm (Facebook) /r/reactiongifs | /r/DesktopDetective **Wallpaper**|**Animals** /r/wallpaper | /r/aww /r/wallpapers | /r/cats [The SFWPorn Network](http://www.reddit.com/r/earthporn+villageporn+cityporn+spaceporn+waterporn+abandonedporn+animalporn+humanporn+botanicalporn+adrenalineporn+destructionporn+movieposterporn+albumartporn+machineporn+newsporn+geekporn+bookporn+mapporn+adporn+designporn+roomporn+militaryporn+historyporn+quotesporn+skyporn+fireporn+infrastructureporn+macroporn+instrumentporn+climbingporn+architectureporn+artporn+cemeteryporn+carporn+fractalporn+exposureporn+gunporn+culinaryporn+dessertporn+agricultureporn+boatporn+geologyporn+futureporn+winterporn) | /r/TrollingAnimals &amp;#0160; | /r/deadpets &amp;#0160; | /r/birdpics &amp;#0160; | /r/foxes **Photography**|**Un-moderated pics** /r/photography | /r/AnythingGoesPics /r/photocritique | /r/images /r/HDR | /r/windowshots | /r/PictureChallenge | **Misc**|**New reddits** /r/misc | /r/britpics /r/gifs | [Imaginary Network](http://reddit.com/r/ImaginaryLandscapes+ImaginaryMonsters+ImaginaryCharacters+ImaginaryTechnology) /r/dataisbeautiful | /r/thennnow /r/picrequests | /r/SpecArt | /r/LookWhoIMet &amp;#0160; | /r/timelinecovers &amp;#0160; | /r/MemesIRL &amp;#0160; | /r/OldSchoolCool &amp;#0160; | /r/photoshopbattles &amp;#0160; | /r/PastAndPresentPics . Also check out http://irc.reddit.com</description><image><url>http://c.thumbs.redditmedia.com/cqqKDqD3imcNj2iV.png</url><title>/r/Pics</title><link>http://www.reddit.com/r/pics/</link></image><item><title>Here's a photo I found in my late grandmother's photo stash. I believe they're my great-great grandparents.</title><link>http://i.imgur.com/3wE5e.jpg</link><guid isPermaLink="true">http://i.imgur.com/3wE5e.jpg</guid><pubDate>Mon, 15 Oct 2012 15:17:01 +0000</pubDate><media:title>Here's a photo I found in my late grandmother's photo stash. I believe they're my great-great grandparents.</media:title><media:thumbnail url="http://d.thumbs.redditmedia.com/sklakqGoVYuHugF-.jpg"/><description>&lt;p&gt;&lt;img src=&quot;http://i.imgur.com/3wE5e.jpg&quot;&gt;&lt;/p&gt;</description><media:content medium="image" url="http://i.imgur.com/3wE5e.jpg"/></item><item><title>My dad was at an air show and managed to snap this photo of two planes exactly as they passed by each other. Perfect timing.</title><link>http://i.imgur.com/WsnlH.jpg</link><guid isPermaLink="true">http://i.imgur.com/WsnlH.jpg</guid><pubDate>Mon, 15 Oct 2012 15:18:37 +0000</pubDate><media:title>My dad was at an air show and managed to snap this photo of two planes exactly as they passed by each other. Perfect timing.</media:title><media:thumbnail url="http://b.thumbs.redditmedia.com/yZt8oY5ar_cj4PO1.jpg"/><description>&lt;p&gt;&lt;img src=&quot;http://i.imgur.com/WsnlH.jpg&quot;&gt;&lt;/p&gt;</description><media:content medium="image" url="http://i.imgur.com/WsnlH.jpg"/></item><item><title>I love cheerleaders.</title><link>http://i.imgur.com/zkxQ2.jpg</link><guid isPermaLink="true">http://i.imgur.com/zkxQ2.jpg</guid><pubDate>Mon, 15 Oct 2012 15:04:25 +0000</pubDate><media:title>I love cheerleaders.</media:title><media:thumbnail url="http://c.thumbs.redditmedia.com/kPnpOtYh_xxOEtTP.jpg"/><description>&lt;p&gt;&lt;img src=&quot;http://i.imgur.com/zkxQ2.jpg&quot;&gt;&lt;/p&gt;</description><media:content medium="image" url="http://i.imgur.com/zkxQ2.jpg"/></item><item><title>Popeye is a bad-ass.</title><link>http://i.imgur.com/G1ATT.jpg</link><guid isPermaLink="true">http://i.imgur.com/G1ATT.jpg</guid><pubDate>Mon, 15 Oct 2012 14:13:05 +0000</pubDate><media:title>Popeye is a bad-ass.</media:title><media:thumbnail url="http://d.thumbs.redditmedia.com/CGLQa1aT3naXlX39.jpg"/><description>&lt;p&gt;&lt;img src=&quot;http://i.imgur.com/G1ATT.jpg&quot;&gt;&lt;/p&gt;</description><media:content medium="image" url="http://i.imgur.com/G1ATT.jpg"/></item><item><title>The time-traveling view from my hotel in Germany (Roman architecture)</title><link>http://i.imgur.com/nxUy8.jpg</link><guid isPermaLink="true">http://i.imgur.com/nxUy8.jpg</guid><pubDate>Mon, 15 Oct 2012 12:48:46 +0000</pubDate><media:title>The time-traveling view from my hotel in Germany (Roman architecture)</media:title><media:thumbnail url="http://c.thumbs.redditmedia.com/lUNyfW9lBMcj0Hlb.jpg"/><description>&lt;p&gt;&lt;img src=&quot;http://i.imgur.com/nxUy8.jpg&quot;&gt;&lt;/p&gt;</description><media:content medium="image" url="http://i.imgur.com/nxUy8.jpg"/></item><item><title>I was installing software for students at work when I noticed something odd...</title><link>http://i.imgur.com/FlGqOl.jpg</link><guid isPermaLink="true">http://i.imgur.com/FlGqOl.jpg</guid><pubDate>Mon, 15 Oct 2012 10:47:50 +0000</pubDate><media:title>I was installing software for students at work when I noticed something odd...</media:title><media:thumbnail url="http://d.thumbs.redditmedia.com/ZVYS5KPgA64w1_YQ.jpg"/><description>&lt;p&gt;&lt;img src=&quot;http://i.imgur.com/FlGqOl.jpg&quot;&gt;&lt;/p&gt;</description><media:content medium="image" url="http://i.imgur.com/FlGqOl.jpg"/></item><item><title>Look what NASA left for me in LA!</title><link>http://i.imgur.com/LODIY.jpg</link><guid isPermaLink="true">http://i.imgur.com/LODIY.jpg</guid><pubDate>Mon, 15 Oct 2012 12:16:13 +0000</pubDate><media:title>Look what NASA left for me in LA!</media:title><media:thumbnail url="http://e.thumbs.redditmedia.com/qLwXb5jkkwJmP7BF.jpg"/><description>&lt;p&gt;&lt;img src=&quot;http://i.imgur.com/LODIY.jpg&quot;&gt;&lt;/p&gt;</description><media:content medium="image" url="http://i.imgur.com/LODIY.jpg"/></item><item><title>A glimpse into the sadistic nature of our upbringing...</title><link>http://i.imgur.com/05ENo.jpg</link><guid isPermaLink="true">http://i.imgur.com/05ENo.jpg</guid><pubDate>Mon, 15 Oct 2012 10:24:49 +0000</pubDate><description>&lt;p&gt;&lt;img src=&quot;http://i.imgur.com/05ENo.jpg&quot;&gt;&lt;/p&gt;</description><media:content medium="image" url="http://i.imgur.com/05ENo.jpg"/></item><item><title>My 87 year old grandma with her 27 year old, 24 toed, polydactyl cat</title><link>http://imgur.com/a/d6TMx</link><guid isPermaLink="true">http://imgur.com/a/d6TMx</guid><pubDate>Mon, 15 Oct 2012 13:26:08 +0000</pubDate><media:title>My 87 year old grandma with her 27 year old, 24 toed, polydactyl cat</media:title><media:thumbnail url="http://b.thumbs.redditmedia.com/adDO-sG3G0Vtg2Jm.jpg"/><description>&lt;p&gt;&lt;img src=&quot;http://i.imgur.com/aFx8Lh.jpg&quot;&gt;&lt;/p&gt;&lt;p&gt;&lt;a href=&quot;http://imgur.com/a/d6TMx&quot;&gt;This image belongs to an album&lt;/a&gt;&lt;/p&gt;</description><media:content medium="image" url="http://i.imgur.com/aFx8Lh.jpg"/></item><item><title>My office is a bit of a zoo too</title><link>http://i.imgur.com/WL9xi.jpg</link><guid isPermaLink="true">http://i.imgur.com/WL9xi.jpg</guid><pubDate>Mon, 15 Oct 2012 11:36:01 +0000</pubDate><media:title>My office is a bit of a zoo too</media:title><media:thumbnail url="http://c.thumbs.redditmedia.com/MVA9O0ssqXon-oaP.jpg"/><description>&lt;p&gt;&lt;img src=&quot;http://i.imgur.com/WL9xi.jpg&quot;&gt;&lt;/p&gt;</description><media:content medium="image" url="http://i.imgur.com/WL9xi.jpg"/></item><item><title>My friends Dad turned 100 years old today. The Queen of England still sends out a birthday card to every person that becomes a Centenarian! He's Chuffed!</title><link>http://imgur.com/oSuSS</link><guid isPermaLink="true">http://imgur.com/oSuSS</guid><pubDate>Mon, 15 Oct 2012 09:33:27 +0000</pubDate><description>&lt;p&gt;&lt;img src=&quot;http://i.imgur.com/oSuSS.jpg&quot;&gt;&lt;/p&gt;</description><media:content medium="image" url="http://i.imgur.com/oSuSS.jpg"/></item><item><title>My sister's new house was delivered on Friday . She claims it's the best 1$ she ever spent.</title><link>http://imgur.com/vHxnO</link><guid isPermaLink="true">http://imgur.com/vHxnO</guid><pubDate>Mon, 15 Oct 2012 14:04:08 +0000</pubDate><media:title>My sister's new house was delivered on Friday . She claims it's the best 1$ she ever spent.</media:title><media:thumbnail url="http://e.thumbs.redditmedia.com/g6dC-mo7PUqHUS7d.jpg"/><description>&lt;p&gt;&lt;img src=&quot;http://i.imgur.com/vHxnO.jpg&quot;&gt;&lt;/p&gt;</description><media:content medium="image" url="http://i.imgur.com/vHxnO.jpg"/></item><item><title>Didn't see the volley ball at first...</title><link>http://www.imgur.com/tnVyL.jpeg</link><guid isPermaLink="true">http://www.imgur.com/tnVyL.jpeg</guid><pubDate>Mon, 15 Oct 2012 06:50:10 +0000</pubDate><media:title>Didn't see the volley ball at first...</media:title><media:thumbnail url="http://f.thumbs.redditmedia.com/0gP2qEOs6j7q3b_S.jpg"/><description>&lt;p&gt;&lt;img src=&quot;http://www.imgur.com/tnVyL.jpeg&quot;&gt;&lt;/p&gt;</description><media:content medium="image" url="http://www.imgur.com/tnVyL.jpeg"/></item><item><title>This is how I found my dogs this morning.</title><link>http://imgur.com/G2BYM</link><guid isPermaLink="true">http://imgur.com/G2BYM</guid><pubDate>Mon, 15 Oct 2012 12:45:35 +0000</pubDate><media:title>This is how I found my dogs this morning.</media:title><media:thumbnail url="http://f.thumbs.redditmedia.com/qRMtKElKXSQ5o-t_.jpg"/><description>&lt;p&gt;&lt;img src=&quot;http://i.imgur.com/G2BYM.jpg&quot;&gt;&lt;/p&gt;</description><media:content medium="image" url="http://i.imgur.com/G2BYM.jpg"/></item><item><title>Supergreen!</title><link>http://i.imgur.com/r963E.jpg</link><guid isPermaLink="true">http://i.imgur.com/r963E.jpg</guid><pubDate>Mon, 15 Oct 2012 15:28:27 +0000</pubDate><media:title>Supergreen!</media:title><media:thumbnail url="http://f.thumbs.redditmedia.com/hsXVZ0EJuyjFLjaY.jpg"/><description>&lt;p&gt;&lt;img src=&quot;http://i.imgur.com/r963E.jpg&quot;&gt;&lt;/p&gt;</description><media:content medium="image" url="http://i.imgur.com/r963E.jpg"/></item><item><title>Awesomely Hardcore Teenage Mutant Ninja Turtles Character Art</title><link>http://imgur.com/a/e3tHK</link><guid isPermaLink="true">http://imgur.com/a/e3tHK</guid><pubDate>Mon, 15 Oct 2012 15:06:52 +0000</pubDate><media:title>Awesomely Hardcore Teenage Mutant Ninja Turtles Character Art</media:title><media:thumbnail url="http://d.thumbs.redditmedia.com/mAIB4CJEhQ1K000W.jpg"/><description>&lt;p&gt;&lt;img src=&quot;http://i.imgur.com/0vadv.jpg&quot;&gt;&lt;/p&gt;&lt;p&gt;&lt;a href=&quot;http://imgur.com/a/e3tHK&quot;&gt;This image belongs to an album&lt;/a&gt;&lt;/p&gt;</description><media:content medium="image" url="http://i.imgur.com/0vadv.jpg"/></item><item><title>Air Flow</title><link>http://i.imgur.com/TKmET.jpg</link><guid isPermaLink="true">http://i.imgur.com/TKmET.jpg</guid><pubDate>Mon, 15 Oct 2012 11:20:12 +0000</pubDate><description>&lt;p&gt;&lt;img src=&quot;http://i.imgur.com/TKmET.jpg&quot;&gt;&lt;/p&gt;</description><media:content medium="image" url="http://i.imgur.com/TKmET.jpg"/></item><item><title>That's it, everybody go home, we're living Starship Troopers</title><link>http://upload.wikimedia.org/wikipedia/commons/3/3d/EUCOM_Slovenian_Armed_Forces_F2000S.jpg</link><guid isPermaLink="true">http://upload.wikimedia.org/wikipedia/commons/3/3d/EUCOM_Slovenian_Armed_Forces_F2000S.jpg</guid><pubDate>Mon, 15 Oct 2012 13:39:53 +0000</pubDate><media:title>That's it, everybody go home, we're living Starship Troopers</media:title><media:thumbnail url="http://f.thumbs.redditmedia.com/yZjwGX_PrJfRp4ZA.jpg"/><description>&lt;p&gt;&lt;img src=&quot;http://upload.wikimedia.org/wikipedia/commons/3/3d/EUCOM_Slovenian_Armed_Forces_F2000S.jpg&quot;&gt;&lt;/p&gt;</description><media:content medium="image" url="http://upload.wikimedia.org/wikipedia/commons/3/3d/EUCOM_Slovenian_Armed_Forces_F2000S.jpg"/></item><item><title>170 lbs (77kg) watermelon</title><link>http://i.imgur.com/0L65x.jpg</link><guid isPermaLink="true">http://i.imgur.com/0L65x.jpg</guid><pubDate>Mon, 15 Oct 2012 13:23:24 +0000</pubDate><media:title>170 lbs (77kg) watermelon</media:title><media:thumbnail url="http://c.thumbs.redditmedia.com/gsixaZAFEVMnepuP.jpg"/><description>&lt;p&gt;&lt;img src=&quot;http://i.imgur.com/0L65x.jpg&quot;&gt;&lt;/p&gt;</description><media:content medium="image" url="http://i.imgur.com/0L65x.jpg"/></item><item><title>Told a girl at work today that she looked like Tara Reid. It was Tara Reid.</title><link>http://imgur.com/mQto5</link><guid isPermaLink="true">http://imgur.com/mQto5</guid><pubDate>Mon, 15 Oct 2012 05:12:37 +0000</pubDate><media:title>Told a girl at work today that she looked like Tara Reid. It was Tara Reid.</media:title><media:thumbnail url="http://a.thumbs.redditmedia.com/n6dyLFXrH22-Eu_H.jpg"/><description>&lt;p&gt;&lt;img src=&quot;http://i.imgur.com/mQto5.jpg&quot;&gt;&lt;/p&gt;</description><media:content medium="image" url="http://i.imgur.com/mQto5.jpg"/></item><item><title>After 3 hours of labor, my brother's wife just gave birth to two beautiful, twin baby boys. They've been holding hands ever since.</title><link>http://i.imgur.com/k6ta6.jpg</link><guid isPermaLink="true">http://i.imgur.com/k6ta6.jpg</guid><pubDate>Mon, 15 Oct 2012 13:44:42 +0000</pubDate><media:title>After 3 hours of labor, my brother's wife just gave birth to two beautiful, twin baby boys. They've been holding hands ever since.</media:title><media:thumbnail url="http://e.thumbs.redditmedia.com/0gMIP3XgKDcvgclj.jpg"/><description>&lt;p&gt;&lt;img src=&quot;http://i.imgur.com/k6ta6.jpg&quot;&gt;&lt;/p&gt;</description><media:content medium="image" url="http://i.imgur.com/k6ta6.jpg"/></item><item><title>[NSFW] Hitler plays &quot;find the wife&quot; with Eva and three other girls. Vintage boobies included.</title><link>http://i.imgur.com/1CdpS.jpg</link><guid isPermaLink="true">http://i.imgur.com/1CdpS.jpg</guid><pubDate>Mon, 15 Oct 2012 08:48:14 +0000</pubDate><media:title>[NSFW] Hitler plays &quot;find the wife&quot; with Eva and three other girls. Vintage boobies included.</media:title><media:thumbnail url="nsfw"/><description>&lt;p&gt;&lt;img src=&quot;http://i.imgur.com/1CdpS.jpg&quot;&gt;&lt;/p&gt;</description><media:content medium="image" url="http://i.imgur.com/1CdpS.jpg"/></item><item><title>My beautiful grandmother just turned 96. Here she is doing it Mad Men style, in 1964.</title><link>http://i.imgur.com/Iz91V.jpg</link><guid isPermaLink="true">http://i.imgur.com/Iz91V.jpg</guid><pubDate>Mon, 15 Oct 2012 12:27:55 +0000</pubDate><media:title>My beautiful grandmother just turned 96. Here she is doing it Mad Men style, in 1964.</media:title><media:thumbnail url="http://d.thumbs.redditmedia.com/C1S_zszYt3gbq1j3.jpg"/><description>&lt;p&gt;&lt;img src=&quot;http://i.imgur.com/Iz91V.jpg&quot;&gt;&lt;/p&gt;</description><media:content medium="image" url="http://i.imgur.com/Iz91V.jpg"/></item><item><title>N is for... ?!?!?!</title><link>http://imgur.com/0zbck</link><guid isPermaLink="true">http://imgur.com/0zbck</guid><pubDate>Mon, 15 Oct 2012 13:54:06 +0000</pubDate><media:title>N is for... ?!?!?!</media:title><media:thumbnail url="http://d.thumbs.redditmedia.com/NHvfgkYI_MNdQxQi.jpg"/><description>&lt;p&gt;&lt;img src=&quot;http://i.imgur.com/0zbck.jpg&quot;&gt;&lt;/p&gt;</description><media:content medium="image" url="http://i.imgur.com/0zbck.jpg"/></item><item><title>one year ago today i got married, not much has changed</title><link>http://i.imgur.com/GmwSy.jpg</link><guid isPermaLink="true">http://i.imgur.com/GmwSy.jpg</guid><pubDate>Mon, 15 Oct 2012 12:19:24 +0000</pubDate><media:title>one year ago today i got married, not much has changed</media:title><media:thumbnail url="http://b.thumbs.redditmedia.com/7Uz2C2kb7QbHN9wa.jpg"/><description>&lt;p&gt;&lt;img src=&quot;http://i.imgur.com/GmwSy.jpg&quot;&gt;&lt;/p&gt;</description><media:content medium="image" url="http://i.imgur.com/GmwSy.jpg"/></item></channel></rss>